/home/oem/anaconda3/envs/danenv/lib/python3.11/site-packages/torchvision/models/_utils.py:208: UserWarning: The parameter 'pretrained' is deprecated since 0.13 and may be removed in the future, please use 'weights' instead.
  warnings.warn(
/home/oem/anaconda3/envs/danenv/lib/python3.11/site-packages/torchvision/models/_utils.py:223: UserWarning: Arguments other than a weight enum or `None` for 'weights' are deprecated since 0.13 and may be removed in the future. The current behavior is equivalent to passing `weights=Wide_ResNet50_2_Weights.IMAGENET1K_V1`. You can also use `weights=Wide_ResNet50_2_Weights.DEFAULT` to get the most up-to-date weights.
  warnings.warn(msg)
[noise] 876 files, 3504 windows -> fitting

Computing support features...:   0%|          | 0/55 [00:00<?, ?it/s][A
                                                                     [ATraceback (most recent call last):
  File "/home/oem/DR_12/PatchCore/train_two_bank.py", line 119, in <module>
    main()
  File "/home/oem/DR_12/PatchCore/train_two_bank.py", line 86, in main
    model.fit(loader)
  File "/home/oem/DR_12/PatchCore/patchcore-inspection/src/patchcore/patchcore.py", line 153, in fit
    self._fill_memory_bank(training_data)
  File "/home/oem/DR_12/PatchCore/patchcore-inspection/src/patchcore/patchcore.py", line 171, in _fill_memory_bank
    features.append(_image_to_features(image))
                    ^^^^^^^^^^^^^^^^^^^^^^^^^
  File "/home/oem/DR_12/PatchCore/patchcore-inspection/src/patchcore/patchcore.py", line 162, in _image_to_features
    return self._embed(input_image)
           ^^^^^^^^^^^^^^^^^^^^^^^^
  File "/home/oem/DR_12/PatchCore/patchcore-inspection/src/patchcore/patchcore.py", line 136, in _embed
    features = [x.reshape(-1, *x.shape[-3:]) for x in features]
               ^^^^^^^^^^^^^^^^^^^^^^^^^^^^^^^^^^^^^^^^^^^^^^^^
  File "/home/oem/DR_12/PatchCore/patchcore-inspection/src/patchcore/patchcore.py", line 136, in <listcomp>
    features = [x.reshape(-1, *x.shape[-3:]) for x in features]
                ^^^^^^^^^^^^^^^^^^^^^^^^^^^^
torch.OutOfMemoryError: CUDA out of memory. Tried to allocate 6.89 GiB. GPU 0 has a total capacity of 23.52 GiB of which 5.11 GiB is free. Including non-PyTorch memory, this process has 18.38 GiB memory in use. Of the allocated memory 17.86 GiB is allocated by PyTorch, and 83.19 MiB is reserved by PyTorch but unallocated. If reserved but unallocated memory is large try setting PYTORCH_CUDA_ALLOC_CONF=expandable_segments:True to avoid fragmentation.  See documentation for Memory Management  (https://pytorch.org/docs/stable/notes/cuda.html#environment-variables)
